SQL Error: SqliteError: no such table: messages
    at Database.prepare (B:\Basera2\node_modules\better-sqlite3\lib\methods\wrappers.js:5:21)
    at file:///B:/Basera2/backend/test_db.js:7:28
    at ModuleJob.run (node:internal/modules/esm/module_job:413:25)
    at async onImport.tracePromise.__proto__ (node:internal/modules/esm/loader:654:26)
    at async asyncRunEntryPointWithESMLoader (node:internal/modules/run_main:101:5) {
  code: 'SQLITE_ERROR'
}
SqliteError: no such table: messages
    at Database.prepare (B:\Basera2\node_modules\better-sqlite3\lib\methods\wrappers.js:5:21)
    at file:///B:/Basera2/backend/test_db.js:32:35
    at ModuleJob.run (node:internal/modules/esm/module_job:413:25)
    at async onImport.tracePromise.__proto__ (node:internal/modules/esm/loader:654:26)
    at async asyncRunEntryPointWithESMLoader (node:internal/modules/run_main:101:5) {
  code: 'SQLITE_ERROR'
}
